[www.viatrexx.com/index.html]
[stcdn.leadconnectorhq.com/intl-tel-input/17.0.12/img/flags.png]
[stcdn.leadconnectorhq.com/_preview/BKVaNdlD.js]
[stcdn.leadconnectorhq.com/_preview/DIxQEBM-.js]
[stcdn.leadconnectorhq.com/_preview/L0w3qBtp.js]
[stcdn.leadconnectorhq.com/_preview/CP9w8AZN.js]
[stcdn.leadconnectorhq.com/_preview/CLl4Jynq.js]
[stcdn.leadconnectorhq.com/_preview/DiS83BvB.js]
[stcdn.leadconnectorhq.com/_preview/CErzgKqJ.js]
[stcdn.leadconnectorhq.com/_preview/B07PeIGf.js]
[stcdn.leadconnectorhq.com/_preview/CQ_7dM8q.js]
[stcdn.leadconnectorhq.com/_preview/B6iR5Z0F.js]
[stcdn.leadconnectorhq.com/_preview/DgavzTbE.js]
[stcdn.leadconnectorhq.com/_preview/7FGOH8wU.js]
[stcdn.leadconnectorhq.com/_preview/kaqkAeuE.js]
[stcdn.leadconnectorhq.com/_preview/tUMQVBwV.js]
[stcdn.leadconnectorhq.com/_preview/DWOS9aNN.js]
[stcdn.leadconnectorhq.com/_preview/DW-3PSLe.js]
[stcdn.leadconnectorhq.com/_preview/Bd5R4JIW.js]
[stcdn.leadconnectorhq.com/_preview/9-n-tSyS.js]
[storage.googleapis.com/msgsndr/Wv6kWdgCt9mf9ZTVwPw4/media/68055cff8970b06acbf57704.webp]
[cdn.jsdelivr.net/npm/tailwindcss@2.2.19/dist/tailwind.min.css]
[cdn.jsdelivr.net/npm/@fortawesome/fontawesome-free@6.0.0/css/all.min.css]
[flagcdn.com/w40/us.png]
[flagcdn.com/w40/mx.png]
[flagcdn.com/w40/ca.png]
[www.viatrexx.com/partner-program-signup.html]
[www.viatrexx.com/home.html]
[storage.googleapis.com/msgsndr/Wv6kWdgCt9mf9ZTVwPw4/media/68055cff29d62943f33635ea.webp]
[www.viatrexx.com/products.html]
[www.viatrexx.com/resources.html]
[www.viatrexx.com/services.html]
[www.viatrexx.com/about.html]
[www.viatrexx.com/contact.html]
[www.viatrexx.com/cart.html]
[cdn.jsdelivr.net/gh/molecular/visuals@main/molecule-pattern.25.delayed]
[storage.googleapis.com/msgsndr/Wv6kWdgCt9mf9ZTVwPw4/media/6823d350b86222e403bb6b52.png]
[storage.googleapis.com/msgsndr/Wv6kWdgCt9mf9ZTVwPw4/media/68055d668970b01b8bf5773c.webp]
[storage.googleapis.com/msgsndr/Wv6kWdgCt9mf9ZTVwPw4/media/6823d32477a9d47ab7e33415.jpg]
[storage.googleapis.com/msgsndr/Wv6kWdgCt9mf9ZTVwPw4/media/6823d30b414d0898492376db.jpg]
[www.viatrexx.com/science]
[www.viatrexx.com/medical-disclaimer.html]
[www.viatrexx.com/refund-policy]
[www.viatrexx.com/shipping-policy.html]
[www.viatrexx.com/copyright-policy.html]
[www.viatrexx.com/index.html]
[cdnjs.cloudflare.com/ajax/libs/font-awesome/5.15.4/css/all.min.css]
[fonts.gstatic.com/index.html]
[fonts.googleapis.com/css8457.css]
[cdn.jsdelivr.net/npm/tailwindcss@2.2.19/dist/tailwind.min.css]
[cdn.jsdelivr.net/npm/@fortawesome/fontawesome-free@6.0.0/css/all.min.css]
[fonts.googleapis.com/css2ae5d.css]
[cdnjs.cloudflare.com/ajax/libs/font-awesome/6.4.0/css/all.min.css]
[fonts.googleapis.com/index.html]
[storage.googleapis.com/msgsndr/Wv6kWdgCt9mf9ZTVwPw4/media/a2014e37-66cd-42ce-9283-73ad56482d83.png]
[storage.googleapis.com/msgsndr/Wv6kWdgCt9mf9ZTVwPw4/media/ddff0d51-276c-44af-bad4-8ff7ab0c975a.jpg]
[storage.googleapis.com/msgsndr/Wv6kWdgCt9mf9ZTVwPw4/media/51080143-e91c-4413-ab4b-b0f87498248c.jpg]
[storage.googleapis.com/msgsndr/Wv6kWdgCt9mf9ZTVwPw4/media/d873e8d5-f489-4728-9a71-c0aa8bc7fb0d.jpg]
[www.viatrexx.com/cdn-cgi/l/email-protection.html]
[www.viatrexx.com/partner-program-signup.html]
[www.viatrexx.com/cdn-cgi/scripts/5c5dd728/cloudflare-static/email-decode.min.js]
[www.viatrexx.com/home.html]
[stcdn.leadconnectorhq.com/_preview/Searchbar.DVuoDBkj.css]
[stcdn.leadconnectorhq.com/_preview/StoreProductListElement.BZqnctmX.css]
[stcdn.leadconnectorhq.com/_preview/C6Lbt2xz.js]
[stcdn.leadconnectorhq.com/_preview/nYEoF91a.js]
[stcdn.leadconnectorhq.com/_preview/C3e4t58V.js]
[stcdn.leadconnectorhq.com/_preview/Dipz0mOK.js]
[stcdn.leadconnectorhq.com/_preview/CpLRuFB8.js]
[stcdn.leadconnectorhq.com/_preview/DMf_iQbA.js]
[stcdn.leadconnectorhq.com/_preview/w5KL3IsU.js]
[stcdn.leadconnectorhq.com/_preview/CoW1373r.js]
[stcdn.leadconnectorhq.com/_preview/Bf3lXVwG.js]
[stcdn.leadconnectorhq.com/_preview/BhOC97i2.js]
[stcdn.leadconnectorhq.com/_preview/BPMsqDxy.js]
[stcdn.leadconnectorhq.com/_preview/BTmXzdx_.js]
[stcdn.leadconnectorhq.com/_preview/DnOYZfPz.js]
[stcdn.leadconnectorhq.com/_preview/BL-zo11e.js]
[stcdn.leadconnectorhq.com/_preview/ClmJ5cD5.js]
[stcdn.leadconnectorhq.com/_preview/BIuhcElX.js]
[stcdn.leadconnectorhq.com/_preview/CkLjiNRy.js]
[stcdn.leadconnectorhq.com/_preview/5TsDaTRf.js]
[www.viatrexx.com/products/collections/index.html]
[www.viatrexx.com/product-details/index.html]
[www.viatrexx.com/products/collections/cardiovascular-support.html]
[www.viatrexx.com/products/collections/general-wellness-neurological.html]
[www.viatrexx.com/products/collections/microbial-support.html]
[www.viatrexx.com/products/collections/metabolic-cellular-health.html]
[www.viatrexx.com/products/collections/structural-joint-support.html]
[www.viatrexx.com/products/collections/immune-allergy-support.html]
[www.viatrexx.com/products/collections/pain-inflammation.html]
[www.viatrexx.com/products/collections/detox-drainage.html]
[www.viatrexx.com/products/collections/organotherapy-hormonal-support.html]
[www.viatrexx.com/product-details/product/aap-aa-1.html]
[images.leadconnectorhq.com/image/f_webp/q_80/r_800/u_https_/storage.googleapis.com/msgsndr/Wv6kWdgCt9mf9ZTVwPw4/media/tmplktob8rs.webp]
[www.viatrexx.com/product-details/product/aap-aa-2.html]
[images.leadconnectorhq.com/image/f_webp/q_80/r_800/u_https_/storage.googleapis.com/msgsndr/Wv6kWdgCt9mf9ZTVwPw4/media/tmpclzjoklu.jpg]
[www.viatrexx.com/product-details/product/aap-am-1.html]
[images.leadconnectorhq.com/image/f_webp/q_80/r_800/u_https_/storage.googleapis.com/msgsndr/Wv6kWdgCt9mf9ZTVwPw4/media/tmpnhoiherp.webp]
[www.viatrexx.com/product-details/product/aap-essentials.html]
[images.leadconnectorhq.com/image/f_webp/q_80/r_800/u_https_/storage.googleapis.com/msgsndr/Wv6kWdgCt9mf9ZTVwPw4/media/tmp6868me3i.webp]
[www.viatrexx.com/product-details/product/aap-gf-1.html]
[images.leadconnectorhq.com/image/f_webp/q_80/r_800/u_https_/storage.googleapis.com/msgsndr/Wv6kWdgCt9mf9ZTVwPw4/media/tmpbttudz2i.webp]
[www.viatrexx.com/product-details/product/aap-im-1.html]
[images.leadconnectorhq.com/image/f_webp/q_80/r_800/u_https_/storage.googleapis.com/msgsndr/Wv6kWdgCt9mf9ZTVwPw4/media/tmp5r1q9p2c.webp]
[www.viatrexx.com/product-details/product/aap-im-2.html]
[images.leadconnectorhq.com/image/f_webp/q_80/r_800/u_https_/storage.googleapis.com/msgsndr/Wv6kWdgCt9mf9ZTVwPw4/media/tmpf60jm99x.webp]
[www.viatrexx.com/product-details/product/aap-ma-1.html]
[images.leadconnectorhq.com/image/f_webp/q_80/r_800/u_https_/storage.googleapis.com/msgsndr/Wv6kWdgCt9mf9ZTVwPw4/media/tmpu_78qowk.webp]
[www.viatrexx.com/product-details/product/aap-n-1.html]
[images.leadconnectorhq.com/image/f_webp/q_80/r_800/u_https_/storage.googleapis.com/msgsndr/Wv6kWdgCt9mf9ZTVwPw4/media/tmpbznlci_0.webp]
[www.viatrexx.com/product-details/product/aap-n-2.html]
[images.leadconnectorhq.com/image/f_webp/q_80/r_800/u_https_/storage.googleapis.com/msgsndr/Wv6kWdgCt9mf9ZTVwPw4/media/tmp64nbb4go.webp]
[www.viatrexx.com/product-details/product/aap-n-3.html]
[images.leadconnectorhq.com/image/f_webp/q_80/r_800/u_https_/storage.googleapis.com/msgsndr/Wv6kWdgCt9mf9ZTVwPw4/media/tmphmdooq04.webp]
[www.viatrexx.com/product-details/product/aap-n-4.html]
[images.leadconnectorhq.com/image/f_webp/q_80/r_800/u_https_/storage.googleapis.com/msgsndr/Wv6kWdgCt9mf9ZTVwPw4/media/tmpu8v0ptil.webp]
[www.viatrexx.com/product-details/product/aap-n-5.html]
[images.leadconnectorhq.com/image/f_webp/q_80/r_800/u_https_/storage.googleapis.com/msgsndr/Wv6kWdgCt9mf9ZTVwPw4/media/tmpsnluh01n.webp]
[www.viatrexx.com/product-details/product/aap-qa-1.html]
[images.leadconnectorhq.com/image/f_webp/q_80/r_800/u_https_/storage.googleapis.com/msgsndr/Wv6kWdgCt9mf9ZTVwPw4/media/tmpd5wfzgdb.webp]
[www.viatrexx.com/product-details/product/aap-s-1.html]
[images.leadconnectorhq.com/image/f_webp/q_80/r_800/u_https_/storage.googleapis.com/msgsndr/Wv6kWdgCt9mf9ZTVwPw4/media/tmp9q53rrdu.webp]
[www.viatrexx.com/product-details/product/aap-wt-2.html]
[images.leadconnectorhq.com/image/f_webp/q_80/r_800/u_https_/storage.googleapis.com/msgsndr/Wv6kWdgCt9mf9ZTVwPw4/media/tmpmh9bs74w.webp]
[www.viatrexx.com/product-details/product/aap-wt-3.html]
[images.leadconnectorhq.com/image/f_webp/q_80/r_800/u_https_/storage.googleapis.com/msgsndr/Wv6kWdgCt9mf9ZTVwPw4/media/tmpv47vptvx.webp]
[www.viatrexx.com/product-details/product/acnexx.html]
[images.leadconnectorhq.com/image/f_webp/q_80/r_800/u_https_/storage.googleapis.com/msgsndr/Wv6kWdgCt9mf9ZTVwPw4/media/tmpk6hr5c1c.webp]
[www.viatrexx.com/product-details/product/adiposexx.html]
[images.leadconnectorhq.com/image/f_webp/q_80/r_800/u_https_/storage.googleapis.com/msgsndr/Wv6kWdgCt9mf9ZTVwPw4/media/tmpei36iu5u.webp]
[www.viatrexx.com/product-details/product/amoebexx.html]
[images.leadconnectorhq.com/image/f_webp/q_80/r_800/u_https_/storage.googleapis.com/msgsndr/Wv6kWdgCt9mf9ZTVwPw4/media/tmp8yvk0jx4.webp]
[www.viatrexx.com/product-details/product/arthrexx.html]
[images.leadconnectorhq.com/image/f_webp/q_80/r_800/u_https_/storage.googleapis.com/msgsndr/Wv6kWdgCt9mf9ZTVwPw4/media/tmpqwkx243q.webp]
[www.viatrexx.com/product-details/product/articulexx.html]
[images.leadconnectorhq.com/image/f_webp/q_80/r_800/u_https_/storage.googleapis.com/msgsndr/Wv6kWdgCt9mf9ZTVwPw4/media/tmpcq4tw7ns.webp]
[www.viatrexx.com/product-details/product/bacterexx.html]
[images.leadconnectorhq.com/image/f_webp/q_80/r_800/u_https_/storage.googleapis.com/msgsndr/Wv6kWdgCt9mf9ZTVwPw4/media/tmpcsr8x136.webp]
[www.viatrexx.com/product-details/product/bowelexx.html]
[images.leadconnectorhq.com/image/f_webp/q_80/r_800/u_https_/storage.googleapis.com/msgsndr/Wv6kWdgCt9mf9ZTVwPw4/media/tmp12nl6yvh.webp]
[storage.googleapis.com/msgsndr/Wv6kWdgCt9mf9ZTVwPw4/media/6933c2c981eaa1fad7d20a02.jpg]
[storage.googleapis.com/msgsndr/Wv6kWdgCt9mf9ZTVwPw4/media/68b50282554d73775778513d.png]
[www.viatrexx.com/products.html]
[www.viatrexx.com/resources.html]
[cdn.jsdelivr.net/npm/@fortawesome/fontawesome-free@6.4.0/css/all.min.css]
[storage.googleapis.com/msgsndr/spID0j9wpkhDzhd0BacX/media/68ade51922ca865799d74947.webp]
[storage.googleapis.com/msgsndr/spID0j9wpkhDzhd0BacX/media/68adf8e7c8bb2195cbc9858f.png]
[storage.googleapis.com/msgsndr/spID0j9wpkhDzhd0BacX/media/68adf95406b2d9c1dd736e25.webp]
[storage.googleapis.com/msgsndr/spID0j9wpkhDzhd0BacX/media/68adf99fd09ce315c8474213.webp]
[www.viatrexx.com/services.html]
[cdn.jsdelivr.net/npm/animate.css@4.1.1/animate.min.css]
[storage.googleapis.com/msgsndr/Wv6kWdgCt9mf9ZTVwPw4/media/68055d798970b0f7c1f57741.webp]
[www.viatrexx.com/wp-content/uploads/2023/05/3092349_l_normal_none-scaled.jpg.90.delayed]
[www.viatrexx.com/about.html]
[www.viatrexx.com/contact.html]
[stcdn.leadconnectorhq.com/_preview/BkoqFQii.js]
[stcdn.leadconnectorhq.com/_preview/BOBTS0cK.js]
[stcdn.leadconnectorhq.com/_preview/DyqqqLob.js]
[www.viatrexx.com/cart.html]
[fonts.googleapis.com/css2d02a.css]
[cdn.jsdelivr.net/gh/molecular/visuals@main/molecule-pattern.svg]
[www.viatrexx.com/science.html]
[stcdn.leadconnectorhq.com/_preview/DnmtsHco.js]
[www.viatrexx.com/medical-disclaimer.html]
[www.viatrexx.com/refund-policy.html]
[www.viatrexx.com/shipping-policy.html]
[www.viatrexx.com/copyright-policy.html]
[cdnjs.cloudflare.com/ajax/libs/font-awesome/5.15.4/webfonts/fa-brands-400.svg]
[cdnjs.cloudflare.com/ajax/libs/font-awesome/5.15.4/webfonts/fa-regular-400.svg]
[cdnjs.cloudflare.com/ajax/libs/font-awesome/5.15.4/css/all.min.css]
[cdnjs.cloudflare.com/ajax/libs/font-awesome/6.4.0/css/all.min.css]
[fonts.googleapis.com/index.html]
[fonts.googleapis.com/css2c95a.css]
[www.viatrexx.com/cdn-cgi/l/email-protection.html]
[stcdn.leadconnectorhq.com/_preview/Searchbar.DVuoDBkj.css]
[stcdn.leadconnectorhq.com/_preview/StoreProductListElement.BZqnctmX.css]
[fonts.googleapis.com/css2729a.css]
[www.viatrexx.com/products/collections/index.html]
[cdnjs.cloudflare.com/ajax/libs/font-awesome/5.15.4/webfonts/fa-solid-900.svg]
[stcdn.leadconnectorhq.com/_preview/ClQ0VuSH.js]
[stcdn.leadconnectorhq.com/_preview/BcalUQVR.js]
[stcdn.leadconnectorhq.com/_preview/DctQcdle.js]
[stcdn.leadconnectorhq.com/_preview/Dxzbedgu.js]
[stcdn.leadconnectorhq.com/_preview/DjiXCgR8.js]
[stcdn.leadconnectorhq.com/_preview/DpGxo2Of.js]
[www.viatrexx.com/product-details/index.html]
[stcdn.leadconnectorhq.com/funnel/store/empty-list.svg]
[www.viatrexx.com/products/collections/cardiovascular-support.html]
[www.viatrexx.com/products/collections/general-wellness-neurological.html]
[www.viatrexx.com/products/collections/microbial-support.html]
[stcdn.leadconnectorhq.com/funnel/store/arrow-right.svg]
[www.viatrexx.com/products/collections/metabolic-cellular-health.html]
[www.viatrexx.com/products/collections/structural-joint-support.html]
[www.viatrexx.com/products/collections/immune-allergy-support.html]
[www.viatrexx.com/products/collections/pain-inflammation.html]
[www.viatrexx.com/products/collections/detox-drainage.html]
[www.viatrexx.com/products/collections/organotherapy-hormonal-support.html]
[images.leadconnectorhq.com/image/f_webp/q_80/r_400/u_https_/storage.googleapis.com/msgsndr/Wv6kWdgCt9mf9ZTVwPw4/media/tmpxy_7dbjc.webp]
[www.viatrexx.com/product-details/product/aap-aa-1.html]
[images.leadconnectorhq.com/image/f_webp/q_80/r_400/u_https_/storage.googleapis.com/msgsndr/Wv6kWdgCt9mf9ZTVwPw4/media/tmp16tziazy.jpg]
[www.viatrexx.com/product-details/product/AAP-AA-2 50_.a3.delayed]
[www.viatrexx.com/product-details/product/aap-aa-2.html]
[images.leadconnectorhq.com/image/f_webp/q_80/r_400/u_https_/storage.googleapis.com/msgsndr/Wv6kWdgCt9mf9ZTVwPw4/media/tmppgqbieux.webp]
[www.viatrexx.com/product-details/product/aap-am-1.html]
[images.leadconnectorhq.com/image/f_webp/q_80/r_400/u_https_/storage.googleapis.com/msgsndr/Wv6kWdgCt9mf9ZTVwPw4/media/tmp_gphbcni.webp]
[images.leadconnectorhq.com/image/f_webp/q_80/r_400/u_https_/storage.googleapis.com/msgsndr/Wv6kWdgCt9mf9ZTVwPw4/media/tmpux_trkd5.jpg]
[www.viatrexx.com/product-details/product/AAP-Essential.jpg]
[storage.googleapis.com/msgsndr/Wv6kWdgCt9mf9ZTVwPw4/media/6933c2c981eaa1d05cd209ff.jpg]
[www.viatrexx.com/product-details/product/aap-essentials.html]
[images.leadconnectorhq.com/image/f_webp/q_80/r_400/u_https_/storage.googleapis.com/msgsndr/Wv6kWdgCt9mf9ZTVwPw4/media/tmp02zgpvp0.webp]
[images.leadconnectorhq.com/image/f_webp/q_80/r_400/u_https_/storage.googleapis.com/msgsndr/Wv6kWdgCt9mf9ZTVwPw4/media/tmpcn76wv_o.jpg]
[www.viatrexx.com/product-details/product/AAP-GF-1.jpg]
[storage.googleapis.com/msgsndr/Wv6kWdgCt9mf9ZTVwPw4/media/6933c2cae6551ce8d3ab46a0.jpg]
[www.viatrexx.com/product-details/product/aap-gf-1.html]
[images.leadconnectorhq.com/image/f_webp/q_80/r_400/u_https_/storage.googleapis.com/msgsndr/Wv6kWdgCt9mf9ZTVwPw4/media/tmprkjp_o6c.webp]
[images.leadconnectorhq.com/image/f_webp/q_80/r_400/u_https_/storage.googleapis.com/msgsndr/Wv6kWdgCt9mf9ZTVwPw4/media/tmpaxhp7bam.jpg]
[www.viatrexx.com/product-details/product/AAP-IM-1 50_.jpg]
[storage.googleapis.com/msgsndr/Wv6kWdgCt9mf9ZTVwPw4/media/6933c2c9ec99b38a15c2f640.jpg]
[www.viatrexx.com/product-details/product/aap-im-1.html]
[images.leadconnectorhq.com/image/f_webp/q_80/r_400/u_https_/storage.googleapis.com/msgsndr/Wv6kWdgCt9mf9ZTVwPw4/media/tmplir3qqa9.webp]
[images.leadconnectorhq.com/image/f_webp/q_80/r_400/u_https_/storage.googleapis.com/msgsndr/Wv6kWdgCt9mf9ZTVwPw4/media/tmppzdheias.jpg]
[www.viatrexx.com/product-details/product/AAP-IM-2.jpg]
[storage.googleapis.com/msgsndr/Wv6kWdgCt9mf9ZTVwPw4/media/6933c2c9e0f092c21cef85b2.jpg]
[www.viatrexx.com/product-details/product/aap-im-2.html]
[images.leadconnectorhq.com/image/f_webp/q_80/r_400/u_https_/storage.googleapis.com/msgsndr/Wv6kWdgCt9mf9ZTVwPw4/media/tmpewayemmo.webp]
[images.leadconnectorhq.com/image/f_webp/q_80/r_400/u_https_/storage.googleapis.com/msgsndr/Wv6kWdgCt9mf9ZTVwPw4/media/tmp168rjfm5.jpg]
[www.viatrexx.com/product-details/product/AAP-MA-1.jpg]
[storage.googleapis.com/msgsndr/Wv6kWdgCt9mf9ZTVwPw4/media/6933c2c9e0f09233daef85b3.jpg]
[www.viatrexx.com/product-details/product/aap-ma-1.html]
[images.leadconnectorhq.com/image/f_webp/q_80/r_400/u_https_/storage.googleapis.com/msgsndr/Wv6kWdgCt9mf9ZTVwPw4/media/tmphtczcs8v.webp]
[images.leadconnectorhq.com/image/f_webp/q_80/r_400/u_https_/storage.googleapis.com/msgsndr/Wv6kWdgCt9mf9ZTVwPw4/media/tmpsqx3o7nt.jpg]
[www.viatrexx.com/product-details/product/AAP-N-1.jpg]
[storage.googleapis.com/msgsndr/Wv6kWdgCt9mf9ZTVwPw4/media/6933c2c981eaa13624d20a03.jpg]
[www.viatrexx.com/product-details/product/aap-n-1.html]
[images.leadconnectorhq.com/image/f_webp/q_80/r_400/u_https_/storage.googleapis.com/msgsndr/Wv6kWdgCt9mf9ZTVwPw4/media/tmpbh6u6019.webp]
[images.leadconnectorhq.com/image/f_webp/q_80/r_400/u_https_/storage.googleapis.com/msgsndr/Wv6kWdgCt9mf9ZTVwPw4/media/tmpzri5f4b2.jpg]
[www.viatrexx.com/product-details/product/AAP-N-2.jpg]
[storage.googleapis.com/msgsndr/Wv6kWdgCt9mf9ZTVwPw4/media/6933c2c91d466e1453fd45d5.jpg]
[www.viatrexx.com/product-details/product/aap-n-2.html]
[images.leadconnectorhq.com/image/f_webp/q_80/r_400/u_https_/storage.googleapis.com/msgsndr/Wv6kWdgCt9mf9ZTVwPw4/media/tmphtfrzna1.webp]
[images.leadconnectorhq.com/image/f_webp/q_80/r_400/u_https_/storage.googleapis.com/msgsndr/Wv6kWdgCt9mf9ZTVwPw4/media/tmppxrlhiou.jpg]
[www.viatrexx.com/product-details/product/AAP-N-3.jpg]
[storage.googleapis.com/msgsndr/Wv6kWdgCt9mf9ZTVwPw4/media/6933c2c9ec99b310b9c2f63f.jpg]
[www.viatrexx.com/product-details/product/aap-n-3.html]
[images.leadconnectorhq.com/image/f_webp/q_80/r_400/u_https_/storage.googleapis.com/msgsndr/Wv6kWdgCt9mf9ZTVwPw4/media/tmpnomwtbnd.webp]
[images.leadconnectorhq.com/image/f_webp/q_80/r_400/u_https_/storage.googleapis.com/msgsndr/Wv6kWdgCt9mf9ZTVwPw4/media/tmpmpsg5eyu.jpg]
[www.viatrexx.com/product-details/product/AAP-N-4 7_ nasal.jpg]
[storage.googleapis.com/msgsndr/Wv6kWdgCt9mf9ZTVwPw4/media/6933c2c981eaa13e13d20a00.jpg]
[www.viatrexx.com/product-details/product/aap-n-4.html]
[images.leadconnectorhq.com/image/f_webp/q_80/r_400/u_https_/storage.googleapis.com/msgsndr/Wv6kWdgCt9mf9ZTVwPw4/media/tmp51lg3edv.webp]
[images.leadconnectorhq.com/image/f_webp/q_80/r_400/u_https_/storage.googleapis.com/msgsndr/Wv6kWdgCt9mf9ZTVwPw4/media/tmpxybj85jb.jpg]
[www.viatrexx.com/product-details/product/AAP-N-5 50_.jpg]
[storage.googleapis.com/msgsndr/Wv6kWdgCt9mf9ZTVwPw4/media/6933c2c9e0f092204eef85b1.jpg]
[www.viatrexx.com/product-details/product/aap-n-5.html]
[images.leadconnectorhq.com/image/f_webp/q_80/r_400/u_https_/storage.googleapis.com/msgsndr/Wv6kWdgCt9mf9ZTVwPw4/media/tmpbmow_g8i.webp]
[images.leadconnectorhq.com/image/f_webp/q_80/r_400/u_https_/storage.googleapis.com/msgsndr/Wv6kWdgCt9mf9ZTVwPw4/media/tmpplr1iq0e.jpg]
[www.viatrexx.com/product-details/product/AAP-QA-1 7_ nasal.jpg]
[storage.googleapis.com/msgsndr/Wv6kWdgCt9mf9ZTVwPw4/media/6933c2c981eaa11e47d20a01.jpg]
[www.viatrexx.com/product-details/product/aap-qa-1.html]
[images.leadconnectorhq.com/image/f_webp/q_80/r_400/u_https_/storage.googleapis.com/msgsndr/Wv6kWdgCt9mf9ZTVwPw4/media/tmp0hedb183.webp]
[images.leadconnectorhq.com/image/f_webp/q_80/r_400/u_https_/storage.googleapis.com/msgsndr/Wv6kWdgCt9mf9ZTVwPw4/media/tmp6bxlls51.jpg]
[www.viatrexx.com/product-details/product/AAP-S-1.jpg]
[storage.googleapis.com/msgsndr/Wv6kWdgCt9mf9ZTVwPw4/media/6933c2c9ec99b34e2ec2f641.jpg]
[www.viatrexx.com/product-details/product/aap-s-1.html]
[images.leadconnectorhq.com/image/f_webp/q_80/r_400/u_https_/storage.googleapis.com/msgsndr/Wv6kWdgCt9mf9ZTVwPw4/media/tmpvcgi8h9t.webp]
[images.leadconnectorhq.com/image/f_webp/q_80/r_400/u_https_/storage.googleapis.com/msgsndr/Wv6kWdgCt9mf9ZTVwPw4/media/tmpwgi6kzwf.jpg]
[www.viatrexx.com/product-details/product/AAP-WT-2.jpg]
[storage.googleapis.com/msgsndr/Wv6kWdgCt9mf9ZTVwPw4/media/6933c2cae6551c5572ab469c.jpg]
[www.viatrexx.com/product-details/product/aap-wt-2.html]
[images.leadconnectorhq.com/image/f_webp/q_80/r_400/u_https_/storage.googleapis.com/msgsndr/Wv6kWdgCt9mf9ZTVwPw4/media/tmpdt1gjuxx.webp]
[images.leadconnectorhq.com/image/f_webp/q_80/r_400/u_https_/storage.googleapis.com/msgsndr/Wv6kWdgCt9mf9ZTVwPw4/media/tmpuolr9v6v.jpg]
[www.viatrexx.com/product-details/product/AAP-WT-3 20_.jpg]
[storage.googleapis.com/msgsndr/Wv6kWdgCt9mf9ZTVwPw4/media/6933c2c91d466e89d1fd45d4.jpg]
[www.viatrexx.com/product-details/product/aap-wt-3.html]
[images.leadconnectorhq.com/image/f_webp/q_80/r_400/u_https_/storage.googleapis.com/msgsndr/Wv6kWdgCt9mf9ZTVwPw4/media/tmpzvu8cuui.webp]
[images.leadconnectorhq.com/image/f_webp/q_80/r_400/u_https_/storage.googleapis.com/msgsndr/Wv6kWdgCt9mf9ZTVwPw4/media/tmpj80lbgxd.jpg]
[www.viatrexx.com/product-details/product/acnexx.jpg]
[storage.googleapis.com/msgsndr/Wv6kWdgCt9mf9ZTVwPw4/media/6933233bec99b3c8069f9a0f.jpg]
[www.viatrexx.com/product-details/product/acnexx.html]
[images.leadconnectorhq.com/image/f_webp/q_80/r_400/u_https_/storage.googleapis.com/msgsndr/Wv6kWdgCt9mf9ZTVwPw4/media/tmpzlah_67e.webp]
[images.leadconnectorhq.com/image/f_webp/q_80/r_400/u_https_/storage.googleapis.com/msgsndr/Wv6kWdgCt9mf9ZTVwPw4/media/tmpgbfyis96.jpg]
[www.viatrexx.com/product-details/product/adipose.jpg]
[storage.googleapis.com/msgsndr/Wv6kWdgCt9mf9ZTVwPw4/media/6933233be6551c364d8807ed.jpg]
[www.viatrexx.com/product-details/product/adiposexx.html]
[images.leadconnectorhq.com/image/f_webp/q_80/r_400/u_https_/storage.googleapis.com/msgsndr/Wv6kWdgCt9mf9ZTVwPw4/media/tmpn1k_1g04.webp]
[www.viatrexx.com/product-details/product/amoebexx.html]
[images.leadconnectorhq.com/image/f_webp/q_80/r_400/u_https_/storage.googleapis.com/msgsndr/Wv6kWdgCt9mf9ZTVwPw4/media/tmpvuusiu6j.webp]
[images.leadconnectorhq.com/image/f_webp/q_80/r_400/u_https_/storage.googleapis.com/msgsndr/Wv6kWdgCt9mf9ZTVwPw4/media/tmp5fmtoxh0.jpg]
[www.viatrexx.com/product-details/product/arthrexx.jpg]
[storage.googleapis.com/msgsndr/Wv6kWdgCt9mf9ZTVwPw4/media/6933233bec99b361669f9a0e.jpg]
[www.viatrexx.com/product-details/product/arthrexx.html]
[images.leadconnectorhq.com/image/f_webp/q_80/r_400/u_https_/storage.googleapis.com/msgsndr/Wv6kWdgCt9mf9ZTVwPw4/media/tmpl3u8mtl0.webp]
[images.leadconnectorhq.com/image/f_webp/q_80/r_400/u_https_/storage.googleapis.com/msgsndr/Wv6kWdgCt9mf9ZTVwPw4/media/tmp1fz_50_i.jpg]
[www.viatrexx.com/product-details/product/articulexx.jpg]
[storage.googleapis.com/msgsndr/Wv6kWdgCt9mf9ZTVwPw4/media/6933233be0f0927bf8cb6db1.jpg]
[www.viatrexx.com/product-details/product/articulexx.html]
[images.leadconnectorhq.com/image/f_webp/q_80/r_400/u_https_/storage.googleapis.com/msgsndr/Wv6kWdgCt9mf9ZTVwPw4/media/tmptpr07gio.webp]
[images.leadconnectorhq.com/image/f_webp/q_80/r_400/u_https_/storage.googleapis.com/msgsndr/Wv6kWdgCt9mf9ZTVwPw4/media/tmpqogwshoi.jpg]
[www.viatrexx.com/product-details/product/bacterexx.jpg]
[storage.googleapis.com/msgsndr/Wv6kWdgCt9mf9ZTVwPw4/media/6933233b81eaa10b6eaebeee.jpg]
[www.viatrexx.com/product-details/product/bacterexx.html]
[images.leadconnectorhq.com/image/f_webp/q_80/r_400/u_https_/storage.googleapis.com/msgsndr/Wv6kWdgCt9mf9ZTVwPw4/media/tmp7q2ircfc.webp]
[images.leadconnectorhq.com/image/f_webp/q_80/r_400/u_https_/storage.googleapis.com/msgsndr/Wv6kWdgCt9mf9ZTVwPw4/media/tmpnnuln3j_.jpg]
[www.viatrexx.com/product-details/product/bowelexx.jpg]
[storage.googleapis.com/msgsndr/Wv6kWdgCt9mf9ZTVwPw4/media/6933233cac583f57ac42b8bd.jpg]
[www.viatrexx.com/product-details/product/bowelexx.html]
[cdn.jsdelivr.net/npm/@fortawesome/fontawesome-free@6.4.0/css/all.min.css]
[fonts.googleapis.com/css2ab8c.css]
[cdn.jsdelivr.net/npm/animate.css@4.1.1/animate.min.css]
[www.viatrexx.com/wp-content/uploads/2023/05/3092349_l_normal_none-scaled.jpg.html]
[fonts.googleapis.com/css1520.css]
[cdnjs.cloudflare.com/ajax/libs/font-awesome/5.15.4/webfonts/fa-brands-400.svg]
[cdnjs.cloudflare.com/ajax/libs/font-awesome/5.15.4/webfonts/fa-regular-400.svg]
[cdnjs.cloudflare.com/ajax/libs/font-awesome/5.15.4/webfonts/fa-solid-900.svg]
[stcdn.leadconnectorhq.com/funnel/store/empty-list.svg]
[stcdn.leadconnectorhq.com/funnel/store/arrow-right.svg]
[www.viatrexx.com/product-details/product/AAP-AA-2 50_.html]
[www.viatrexx.com/product-details/product/AAP-Essential.html]
[www.viatrexx.com/product-details/product/AAP-GF-2.html]
[www.viatrexx.com/product-details/product/AAP-IM-1 50_.html]
[www.viatrexx.com/product-details/product/AAP-IM-3.html]
[www.viatrexx.com/product-details/product/AAP-MA-2.html]
[www.viatrexx.com/product-details/product/AAP-N-6.html]
[www.viatrexx.com/product-details/product/AAP-N-7.html]
[www.viatrexx.com/product-details/product/AAP-N-8.html]
[www.viatrexx.com/product-details/product/AAP-N-4 7_ nasal.html]
[www.viatrexx.com/product-details/product/AAP-N-5 50_.html]
[www.viatrexx.com/product-details/product/AAP-QA-1 7_ nasal.html]
[www.viatrexx.com/product-details/product/AAP-S-2.html]
[www.viatrexx.com/product-details/product/AAP-WT-4.html]
[www.viatrexx.com/product-details/product/AAP-WT-3 20_.html]
[www.viatrexx.com/product-details/product/acnexx-2.html]
[www.viatrexx.com/product-details/product/adipose.html]
[www.viatrexx.com/product-details/product/arthrexx-2.html]
[www.viatrexx.com/product-details/product/articulexx-2.html]
[www.viatrexx.com/product-details/product/bacterexx-2.html]
[www.viatrexx.com/product-details/product/bowelexx-2.html]
